[oxfordschoolofenglish.in/index.html]
[backblue.gif]
[fade.gif]
[index.html]
[cdn.jsdelivr.net/npm/bootstrap@4.0.0/dist/css/bootstrap.min.css]
[code.jquery.com/jquery-3.2.1.slim.min.js]
[cdnjs.cloudflare.com/ajax/libs/slick-carousel/1.9.0/slick.css]
[cdnjs.cloudflare.com/ajax/libs/slick-carousel/1.9.0/slick-theme.min.css]
[cdnjs.cloudflare.com/ajax/libs/OwlCarousel2/2.3.4/assets/owl.carousel.min.css]
[cdnjs.cloudflare.com/ajax/libs/OwlCarousel2/2.3.4/assets/owl.theme.default.min.css]
[cdnjs.cloudflare.com/ajax/libs/font-awesome/6.7.2/css/all.min.css]
[connect.facebook.net/en_US/fbevents.js]
[oxfordschoolofenglish.in/images/og/english-course.18.delayed]
[oxfordschoolofenglish.in/oxford-school-of-english-icon.png]
[oxfordschoolofenglish.in/oxford-english-apple-icon.png]
[oxfordschoolofenglish.in/assets/oxford-logo/oxford-school-of-english-delhi-logo.webp]
[oxfordschoolofenglish.in/index-2.html]
[oxfordschoolofenglish.in/about.html]
[oxfordschoolofenglish.in/gallery-fun-learning.html]
[oxfordschoolofenglish.in/english-blogs.html]
[oxfordschoolofenglish.in/franchise-opportunity.html]
[oxfordschoolofenglish.in/english-speaking-course.html]
[oxfordschoolofenglish.in/advance-english-speaking-course.html]
[oxfordschoolofenglish.in/online-english-speaking-course.html]
[oxfordschoolofenglish.in/pte-coaching-online.html]
[oxfordschoolofenglish.in/personalised-english-classes.html]
[oxfordschoolofenglish.in/english-speaking-course-for-beginners.html]
[oxfordschoolofenglish.in/ielts-coaching-near-me.html]
[oxfordschoolofenglish.in/online-ielts-coaching.html]
[oxfordschoolofenglish.in/english-and-ielts-coaching-classes.html]
[oxfordschoolofenglish.in/personality-development-course.html]
[oxfordschoolofenglish.in/intermediate-level-english-speaking-course.html]
[oxfordschoolofenglish.in/basic-spoken-english-course.html]
[oxfordschoolofenglish.in/pte-coaching-near-me.html]
[oxfordschoolofenglish.in/english-and-pte-coaching-classes.html]
[oxfordschoolofenglish.in/competitive-exam-english-classes.html]
[oxfordschoolofenglish.in/hire-fresher.html]
[oxfordschoolofenglish.in/job-for-freshers-in-delhi.html]
[oxfordschoolofenglish.in/contact-us-pitampura.html]
[oxfordschoolofenglish.in/contact-us-laxmi-nagar.html]
[oxfordschoolofenglish.in/contact-us-rajouri-garden.html]
[oxfordschoolofenglish.in/contact-us-south-extension.html]
[oxfordschoolofenglish.in/assets/oxford-logo/oxford-english-icon.webp]
[oxfordschoolofenglish.in/assets/icons/lightning-icon.webp]
[oxfordschoolofenglish.in/banners/banner-images/home/mobile/all-courses-m.webp]
[oxfordschoolofenglish.in/banners/banner-images/home/desktop/all-courses.webp]
[oxfordschoolofenglish.in/assets/more-images/1-google-rating.webp]
[oxfordschoolofenglish.in/assets/11-review/video-reviews.webp]
[oxfordschoolofenglish.in/assets/11-review/fun-activities.webp]
[oxfordschoolofenglish.in/assets/oxford-english-brochure.pdf]
[oxfordschoolofenglish.in/assets/19-video-review/ganjeena-video-review.webp]
[oxfordschoolofenglish.in/assets/19-video-review/jaspreet-video-review.webp]
[oxfordschoolofenglish.in/assets/19-video-review/sarpreet-video-review.webp]
[oxfordschoolofenglish.in/assets/19-video-review/kanika-video-review.webp]
[oxfordschoolofenglish.in/assets/19-video-review/deepak-video-review.webp]
[oxfordschoolofenglish.in/assets/19-video-review/anchal-video-review.webp]
[oxfordschoolofenglish.in/assets/19-video-review/geetika-video-review.webp]
[oxfordschoolofenglish.in/assets/19-video-review/mukund-video-review.webp]
[oxfordschoolofenglish.in/assets/19-video-review/isha-video-review.webp]
[oxfordschoolofenglish.in/assets/19-video-review/priyanshu-video-review.webp]
[oxfordschoolofenglish.in/assets/19-video-review/sumaira-video-review.webp]
[oxfordschoolofenglish.in/assets/19-video-review/shail-video-review.webp]
[oxfordschoolofenglish.in/assets/section-31/english-speaking-courses-delhi.webp]
[oxfordschoolofenglish.in/assets/section-31/basic-english-speaking-course.webp]
[oxfordschoolofenglish.in/assets/section-31/beginners-english-course-delhi.webp]
[oxfordschoolofenglish.in/assets/section-31/intermediate-english-course.webp]
[oxfordschoolofenglish.in/assets/section-31/advanced-english-course-delhi.webp]
[oxfordschoolofenglish.in/assets/section-31/english-speaking-course-online.webp]
[oxfordschoolofenglish.in/assets/section-31/ielts-coaching-delhi.webp]
[oxfordschoolofenglish.in/assets/section-31/online-ielts-coaching.webp]
[oxfordschoolofenglish.in/assets/section-31/ielts-and-english-course.webp]
[oxfordschoolofenglish.in/assets/section-31/pte-coaching-centre-delhi.webp]
[oxfordschoolofenglish.in/assets/section-31/pte-and-english-course.webp]
[oxfordschoolofenglish.in/assets/section-31/pte-online-course-india.webp]
[oxfordschoolofenglish.in/assets/section-31/personality-development-classes.webp]
[oxfordschoolofenglish.in/assets/section-31/personalised-english-classes.webp]
[oxfordschoolofenglish.in/assets/section-31/competitive-exam-english-classes.webp]
[oxfordschoolofenglish.in/assets/30-class/oxford-classrooms.webp]
[oxfordschoolofenglish.in/assets/30-class/girls-in-festive-mood.webp]
[oxfordschoolofenglish.in/assets/30-class/boys-after-festivel-celebration.webp]
[oxfordschoolofenglish.in/assets/30-class/mock-interview-ready.webp]
[oxfordschoolofenglish.in/assets/30-class/cosplay-in-class.webp]
[oxfordschoolofenglish.in/assets/30-class/english-classroom.webp]
[oxfordschoolofenglish.in/assets/30-class/english-class-selfie.webp]
[oxfordschoolofenglish.in/assets/30-class/english-qa-session.webp]
[oxfordschoolofenglish.in/assets/30-class/english-roleplay-fun.webp]
[oxfordschoolofenglish.in/assets/30-class/english-students-celebrations.webp]
[oxfordschoolofenglish.in/assets/30-class/extra-activity-class.webp]
[oxfordschoolofenglish.in/assets/30-class/formal-english-success.webp]
[oxfordschoolofenglish.in/assets/30-class/group-discussion.webp]
[oxfordschoolofenglish.in/assets/30-class/mock-presentation-success.webp]
[oxfordschoolofenglish.in/assets/30-class/senior-student-participant.webp]
[oxfordschoolofenglish.in/assets/30-class/spoken-english-group.webp]
[oxfordschoolofenglish.in/assets/30-class/spoken-english-success.webp]
[oxfordschoolofenglish.in/assets/30-class/english-course-certification.webp]
[oxfordschoolofenglish.in/assets/30-class/class-room.webp]
[oxfordschoolofenglish.in/assets/section-30-classrooms/activity-based-learning-english-speaking-oxford.webp]
[oxfordschoolofenglish.in/assets/21-centre-images/oxford-school-of-english-pitampura.webp]
[oxfordschoolofenglish.in/assets/icons/map-icon-orange.webp]
[oxfordschoolofenglish.in/assets/icons/phone-icon-orange.webp]
[oxfordschoolofenglish.in/assets/icons/classic-telephone-icon.webp]
[oxfordschoolofenglish.in/assets/21-centre-images/oxford-school-of-english-laxmi-nagar.webp]
[oxfordschoolofenglish.in/assets/21-centre-images/oxford-school-of-english-south-extension.webp]
[oxfordschoolofenglish.in/assets/21-centre-images/oxford-school-of-english-rajouri-garden.webp]
[oxfordschoolofenglish.in/assets/home/home/27-faq.webp]
[oxfordschoolofenglish.in/english-course-faqs.html]
[oxfordschoolofenglish.in/assets/home/home/8-why-us.webp]
[oxfordschoolofenglish.in/assets/icons/login-arrow-icon.webp]
[oxfordschoolofenglish.in/assets/home/home/10a-class-highlights.webp]
[oxfordschoolofenglish.in/assets/home/home/10b-join-english-course.webp]
[oxfordschoolofenglish.in/assets/16-blogs/new-gems-of-english.webp]
[oxfordschoolofenglish.in/7c-of-communication.html]
[oxfordschoolofenglish.in/assets/16-blogs/harnessing-happiness-phrasal-verbs.webp]
[oxfordschoolofenglish.in/english-some-interesting-facts.html]
[oxfordschoolofenglish.in/assets/16-blogs/mnemonic-magic.webp]
[oxfordschoolofenglish.in/10-ways-to-describe-liars.html]
[oxfordschoolofenglish.in/assets/icons/download.webp]
[oxfordschoolofenglish.in/assets/icons/location-marker-red-icon.webp]
[oxfordschoolofenglish.in/assets/icons/map-icon-black.webp]
[oxfordschoolofenglish.in/assets/icons/phone.webp]
[oxfordschoolofenglish.in/assets/icons/black-phone-icon.webp]
[oxfordschoolofenglish.in/assets/icons/line-image.webp]
[oxfordschoolofenglish.in/ielts-exam-faqs.html]
[oxfordschoolofenglish.in/pte-exam-faqs.html]
[oxfordschoolofenglish.in/spoken-english-classes-near-me.html]
[oxfordschoolofenglish.in/assets/footer/oxford-nsdc-partner.webp]
[oxfordschoolofenglish.in/assets/footer/skill-courses.webp]
[oxfordschoolofenglish.in/assets/footer/cambridge-partner.webp]
[oxfordschoolofenglish.in/assets/footer/oxford-english-facebook.webp]
[oxfordschoolofenglish.in/assets/footer/x-oxford-english.webp]
[oxfordschoolofenglish.in/assets/footer/oxford-english-instagram.webp]
[oxfordschoolofenglish.in/assets/footer/oxford-english-youtube.webp]
[oxfordschoolofenglish.in/english-speaking-course-pitampura.html]
[oxfordschoolofenglish.in/english-speaking-course-rohini.html]
[oxfordschoolofenglish.in/english-speaking-course-rajouri-garden.html]
[oxfordschoolofenglish.in/english-speaking-course-laxmi-nagar.html]
[oxfordschoolofenglish.in/english-speaking-course-south-extension.html]
[oxfordschoolofenglish.in/english-speaking-classes-delhi.html]
[oxfordschoolofenglish.in/ielts-coaching-in-pitampura.html]
[oxfordschoolofenglish.in/ielts-coaching-in-rohini.html]
[oxfordschoolofenglish.in/ielts-coaching-in-rajouri-garden.html]
[oxfordschoolofenglish.in/ielts-coaching-in-laxmi-nagar.html]
[oxfordschoolofenglish.in/ielts-coaching-in-south-extension.html]
[oxfordschoolofenglish.in/assets/icons/cross.webp]
[oxfordschoolofenglish.in/js/common.js]
[oxfordschoolofenglish.in/js/custom-carousel.js]
[cdn.jsdelivr.net/npm/popper.js@1.12.9/dist/umd/popper.min.js]
[cdnjs.cloudflare.com/ajax/libs/OwlCarousel2/2.3.4/owl.carousel.min.js]
[cdnjs.cloudflare.com/ajax/libs/slick-carousel/1.9.0/slick.min.js]
[cdn.jsdelivr.net/npm/bootstrap@4.0.0/dist/js/bootstrap.min.js]
[oxfordschoolofenglish.in/js/adib-script.js]
[oxfordschoolofenglish.in/index.html]
[cdn.jsdelivr.net/npm/bootstrap@4.0.0/dist/css/bootstrap.min.css]
[oxfordschoolofenglish.in/css/style.css]
[oxfordschoolofenglish.in/css/css190425/header.css]
[oxfordschoolofenglish.in/assets/more-images/34-oxford-contact.webp]
[oxfordschoolofenglish.in/assets/more-images/35-four-branches.webp]
[oxfordschoolofenglish.in/css/css190425/common.css]
[oxfordschoolofenglish.in/css/css190425/default-banner.css]
[oxfordschoolofenglish.in/assets/adib-assets/desktop-red1.webp]
[oxfordschoolofenglish.in/assets/more-images/red-blur.png]
[oxfordschoolofenglish.in/css/combined-global.css]
[oxfordschoolofenglish.in/assets/adib-assets/red-arrow.png]
[oxfordschoolofenglish.in/css/adib-css/adib4.css]
[oxfordschoolofenglish.in/css/adib-css/adib5.css]
[oxfordschoolofenglish.in/css/adib-css/adib6.css]
[oxfordschoolofenglish.in/css/adib-css/adib9.css]
[oxfordschoolofenglish.in/css/adib-css/adib10.css]
[oxfordschoolofenglish.in/css/adib-css/adib11.css]
[oxfordschoolofenglish.in/css/css190425/section41.css]
[oxfordschoolofenglish.in/banners/banner-images/background/oxford-school-online-speaking-background.webp]
[oxfordschoolofenglish.in/banners/banner-images/background/oxford-school-of-english-background-mobile2.webp]
[oxfordschoolofenglish.in/banners/css/home-banner03.css]
[oxfordschoolofenglish.in/css/css190425/footer.css]
[oxfordschoolofenglish.in/css/floating-buttons.css]
[cdnjs.cloudflare.com/ajax/libs/slick-carousel/1.9.0/slick.css]
[cdnjs.cloudflare.com/ajax/libs/slick-carousel/1.9.0/ajax-loader.gif]
[cdnjs.cloudflare.com/ajax/libs/slick-carousel/1.9.0/fonts/slick.eot]
[cdnjs.cloudflare.com/ajax/libs/slick-carousel/1.9.0/fonts/slickd41d.eot]
[cdnjs.cloudflare.com/ajax/libs/slick-carousel/1.9.0/fonts/slick.woff]
[cdnjs.cloudflare.com/ajax/libs/slick-carousel/1.9.0/fonts/slick.ttf]
[cdnjs.cloudflare.com/ajax/libs/slick-carousel/1.9.0/fonts/slick.svg]
[cdnjs.cloudflare.com/ajax/libs/slick-carousel/1.9.0/slick-theme.min.css]
[cdnjs.cloudflare.com/ajax/libs/OwlCarousel2/2.3.4/assets/owl.carousel.min.css]
[cdnjs.cloudflare.com/ajax/libs/OwlCarousel2/2.3.4/assets/owl.theme.default.min.css]
[cdnjs.cloudflare.com/ajax/libs/font-awesome/6.7.2/css/all.min.css]
[cdnjs.cloudflare.com/ajax/libs/OwlCarousel2/2.3.4/assets/owl.video.play.png]
[oxfordschoolofenglish.in/signals/config/index.html]
[oxfordschoolofenglish.in/a.b7.delayed]
[oxfordschoolofenglish.in/signals/plugins/index.html]
[oxfordschoolofenglish.in/POST.b8.delayed]
[oxfordschoolofenglish.in/b.b9.delayed]
[oxfordschoolofenglish.in/schema.org/index.html]
[oxfordschoolofenglish.in/d.ba.delayed]
[oxfordschoolofenglish.in/signals/iwl.bb.delayed]
[oxfordschoolofenglish.in/signals/iwl.bc0fc5.delayed]
[oxfordschoolofenglish.in/c.bd.delayed]
[oxfordschoolofenglish.in/c.be.delayed]
[connect.facebook.net/en_US/fbevents.js]
[oxfordschoolofenglish.in/images/og/english-course.html]
[oxfordschoolofenglish.in/banners/css/home-banner01.css]
[oxfordschoolofenglish.in/index-2.html]
[oxfordschoolofenglish.in/banners/banner-images/home/mobile/about-us.webp]
[oxfordschoolofenglish.in/banners/banner-images/home/desktop/about us.webp]
[oxfordschoolofenglish.in/assets/adib-assets/phone.png]
[oxfordschoolofenglish.in/assets/adib-assets/Frame.png]
[oxfordschoolofenglish.in/assets/home/about-us/25-oxford-school-of-english.webp]
[oxfordschoolofenglish.in/assets/home/about-us/8-why-us.webp]
[oxfordschoolofenglish.in/assets/more-images/23enquire-now.webp]
[oxfordschoolofenglish.in/assets/26-courses/english-classes.webp]
[oxfordschoolofenglish.in/assets/26-courses/basic-course-delhi.webp]
[oxfordschoolofenglish.in/assets/26-courses/beginners-course-delhi.webp]
[oxfordschoolofenglish.in/assets/26-courses/intermediate-course.webp]
[oxfordschoolofenglish.in/assets/26-courses/advanced-course-delhi.webp]
[oxfordschoolofenglish.in/assets/26-courses/english-online.webp]
[oxfordschoolofenglish.in/assets/26-courses/ielts-classes.webp]
[oxfordschoolofenglish.in/assets/26-courses/online-ielts-course.webp]
[oxfordschoolofenglish.in/assets/26-courses/english-ielts.webp]
[oxfordschoolofenglish.in/assets/26-courses/pte-course.webp]
[oxfordschoolofenglish.in/assets/26-courses/english-pte.webp]
[oxfordschoolofenglish.in/assets/26-courses/online-pte.webp]
[oxfordschoolofenglish.in/assets/26-courses/personality-development-classes.webp]
[oxfordschoolofenglish.in/assets/26-courses/personal-classes.webp]
[oxfordschoolofenglish.in/assets/26-courses/competitive-classes.webp]
[oxfordschoolofenglish.in/assets/home/about-us/27-faq.webp]
[oxfordschoolofenglish.in/assets/33-activities/alumni-welcome.webp]
[oxfordschoolofenglish.in/assets/33-activities/diwali-celebrations.webp]
[oxfordschoolofenglish.in/assets/33-activities/talent-show.webp]
[oxfordschoolofenglish.in/assets/33-activities/fashion-show-preparations.webp]
[oxfordschoolofenglish.in/assets/33-activities/fashion-show.webp]
[oxfordschoolofenglish.in/assets/33-activities/scenes-from-macbeth.webp]
[oxfordschoolofenglish.in/assets/33-activities/face-paint-masti.webp]
[oxfordschoolofenglish.in/assets/33-activities/blood-donation-camp.webp]
[oxfordschoolofenglish.in/assets/33-activities/ramleela-play.webp]
[oxfordschoolofenglish.in/assets/33-activities/mock-interviews.webp]
[oxfordschoolofenglish.in/assets/33-activities/award-ceremony.webp]
[oxfordschoolofenglish.in/assets/33-activities/outdoor-fun-learning.webp]
[oxfordschoolofenglish.in/about.html]
[oxfordschoolofenglish.in/banners/banner-images/home/mobile/gallery.webp]
[oxfordschoolofenglish.in/banners/banner-images/home/desktop/gallery.webp]
[oxfordschoolofenglish.in/gallery-fun-learning.html]
[code.jquery.com/jquery-3.3.1.slim.min.js]
[cdnjs.cloudflare.com/ajax/libs/popper.js/1.14.7/umd/popper.min.js]
[stackpath.bootstrapcdn.com/bootstrap/4.3.1/js/bootstrap.min.js]
[cdn.jsdelivr.net/npm/bootstrap@5.3.3/dist/css/bootstrap.min.css]
[oxfordschoolofenglish.in/banners/banner-images/home/mobile/blogs.webp]
[oxfordschoolofenglish.in/banners/banner-images/home/desktop/blog.webp]
[oxfordschoolofenglish.in/blog/assets/other-blogs/read-leaf-small.webp]
[oxfordschoolofenglish.in/blog-new-gems-of-english.html]
[oxfordschoolofenglish.in/blog-future-perfect-continuous-tense.html]
[oxfordschoolofenglish.in/blog/assets/other-blogs/green-leaf-small.webp]
[oxfordschoolofenglish.in/blog/assets/other-blogs/green-leaf-large.webp]
[oxfordschoolofenglish.in/blog-mastering-english-tenses.html]
[oxfordschoolofenglish.in/blog/assets/other-blogs/2-red-leaf.webp]
[oxfordschoolofenglish.in/blog/assets/other-blogs/blue-leaf-large.webp]
[oxfordschoolofenglish.in/blog-use-of-has-have.html]
[oxfordschoolofenglish.in/blog-make-sentences-one-phrase.html]
[oxfordschoolofenglish.in/blog/assets/other-blogs/message.webp]
[oxfordschoolofenglish.in/blog/assets/other-blogs/cube.webp]
[oxfordschoolofenglish.in/use-of-is-are-am-was-were.html]
[oxfordschoolofenglish.in/blog/assets/other-blogs/red-leaf-large.webp]
[oxfordschoolofenglish.in/banners/banner-images/blogs/link-images/sourced-from-sanskrit.webp]
[oxfordschoolofenglish.in/english-words-sourced-from-sanskrit.html]
[oxfordschoolofenglish.in/banners/banner-images/blogs/link-images/mnemonics.webp]
[oxfordschoolofenglish.in/mnemonics-for-memorizing-english.html]
[oxfordschoolofenglish.in/banners/banner-images/blogs/link-images/idioms.webp]
[oxfordschoolofenglish.in/funny-idioms-you-can-not-miss.html]
[oxfordschoolofenglish.in/banners/banner-images/blogs/link-images/proverb.webp]
[oxfordschoolofenglish.in/english-proverbs-for-better-conversation.html]
[oxfordschoolofenglish.in/banners/banner-images/blogs/link-images/origin.webp]
[oxfordschoolofenglish.in/origin-of-english-root-words.html]
[oxfordschoolofenglish.in/banners/banner-images/blogs/link-images/root-words.webp]
[oxfordschoolofenglish.in/root-words-in-english.html]
[cdn.jsdelivr.net/npm/bootstrap@5.0.2/dist/css/bootstrap.min.css]
[oxfordschoolofenglish.in/english-blogs.html]
[cdn.jsdelivr.net/npm/bootstrap@5.0.2/dist/js/bootstrap.bundle.min.js]
[oxfordschoolofenglish.in/banners/banner-images/home/mobile/franchise.webp]
[oxfordschoolofenglish.in/banners/banner-images/home/desktop/frenchise.webp]
[oxfordschoolofenglish.in/assets/home/franchise/9-franchise.webp]
[oxfordschoolofenglish.in/assets/home/franchise/8-why-us.webp]
[cdnjs.cloudflare.com/ajax/libs/font-awesome/4.7.0/css/font-awesome.min.css]
[ajax.googleapis.com/ajax/libs/jquery/3.7.1/jquery.min.js]
[oxfordschoolofenglish.in/assets/icons/email-fast.webp]
[oxfordschoolofenglish.in/franchise-opportunity.html]
[oxfordschoolofenglish.in/og/english-course.jpg]
[oxfordschoolofenglish.in/banners/banner-images/courses/Mobile-Webp/english-speaking-course.webp]
[oxfordschoolofenglish.in/banners/banner-images/courses/Desktop-Webp/english-speaking-course.webp]
[oxfordschoolofenglish.in/assets/english-courses/all-courses/25-english-classes.webp]
[oxfordschoolofenglish.in/assets/english-courses/all-courses/8-why-us.webp]
[oxfordschoolofenglish.in/assets/english-courses/all-courses/10a-class-highlight.webp]
[oxfordschoolofenglish.in/assets/english-courses/all-courses/10b-join-english-course.webp]
[oxfordschoolofenglish.in/assets/english-courses/all-courses/12-outcome.webp]
[oxfordschoolofenglish.in/assets/section-14-text-review/harsha-review.webp]
[oxfordschoolofenglish.in/assets/section-14-text-review/abhijai-review.webp]
[oxfordschoolofenglish.in/assets/section-14-text-review/paridhi-aggarwal.webp]
[oxfordschoolofenglish.in/assets/section-14-text-review/simarjeet-kaur.webp]
[oxfordschoolofenglish.in/assets/section-14-text-review/shalu-sharma.webp]
[oxfordschoolofenglish.in/assets/section-14-text-review/rashi-review.webp]
[oxfordschoolofenglish.in/assets/section-14-text-review/aakash-patel.webp]
[oxfordschoolofenglish.in/assets/section-14-text-review/shweta-kumari.webp]
[oxfordschoolofenglish.in/assets/section-14-text-review/dilshad-review.webp]
[oxfordschoolofenglish.in/assets/section-14-text-review/gaurav-chopra.webp]
[oxfordschoolofenglish.in/assets/section-14-text-review/gulfam-review.webp]
[oxfordschoolofenglish.in/assets/section-14-text-review/shail-mishra.webp]
[oxfordschoolofenglish.in/assets/section-14-text-review/ishaan-review.webp]
[oxfordschoolofenglish.in/assets/section-14-text-review/mukund-bansal.webp]
[oxfordschoolofenglish.in/assets/section-14-text-review/utkarsh-rana.webp]
[oxfordschoolofenglish.in/assets/english-courses/all-courses/27-english-faq.webp]
[oxfordschoolofenglish.in/assets/english-courses/all-courses/5a-skills-with-ai.webp]
[oxfordschoolofenglish.in/assets/english-courses/all-courses/5b-live-activity.webp]
[oxfordschoolofenglish.in/assets/icons/magnify.webp]
[oxfordschoolofenglish.in/banners/js/aos.js]
[oxfordschoolofenglish.in/english-speaking-course.html]
[oxfordschoolofenglish.in/banners/banner-images/courses/Mobile-Webp/advanced-english-speaking-course.webp]
[oxfordschoolofenglish.in/banners/banner-images/courses/Desktop-Webp/advanced-english-speaking-course.webp]
[oxfordschoolofenglish.in/assets/english-courses/level-3/25-advanced-english-classes.webp]
[oxfordschoolofenglish.in/assets/english-courses/level-3/10a-class-highlight.webp]
[oxfordschoolofenglish.in/assets/english-courses/level-3/10b-join-english-course.webp]
[oxfordschoolofenglish.in/assets/english-courses/level-3/12-outcome.webp]
[oxfordschoolofenglish.in/advance-english-speaking-course.html]
[oxfordschoolofenglish.in/banners/banner-images/courses/Mobile-Webp/online-english-speaking-classes-delhi.webp]
[oxfordschoolofenglish.in/banners/banner-images/courses/Desktop-Webp/online-english-speaking-course.webp]
[oxfordschoolofenglish.in/assets/more-images/3a-online-english-1-to-1.webp]
[oxfordschoolofenglish.in/assets/icons/calendar-icon.webp]
[oxfordschoolofenglish.in/assets/icons/hourglass-icon.webp]
[oxfordschoolofenglish.in/assets/icons/classroom-training-icon.webp]
[oxfordschoolofenglish.in/assets/more-images/3b-group-online-class.webp]
[oxfordschoolofenglish.in/assets/icons/community-group-icon.webp]
[oxfordschoolofenglish.in/assets/english-courses/online-english-classes/5a-skills-with-ai.webp]
[oxfordschoolofenglish.in/assets/english-courses/online-english-classes/5b-live-activity.webp]
[oxfordschoolofenglish.in/assets/english-courses/online-english-classes/8-why-us.webp]
[oxfordschoolofenglish.in/assets/english-courses/online-english-classes/9-customised-classes.webp]
[oxfordschoolofenglish.in/assets/english-courses/online-english-classes/10a-class-highlight.webp]
[oxfordschoolofenglish.in/assets/english-courses/online-english-classes/10b-join-english-course.webp]
[oxfordschoolofenglish.in/assets/english-courses/online-english-classes/12-outcome.webp]
[oxfordschoolofenglish.in/assets/online-english-classes/arushi-video-review.webp]
[oxfordschoolofenglish.in/assets/online-english-classes/gorav-video-review.webp]
[oxfordschoolofenglish.in/assets/online-english-classes/sanjay-video-review.webp]
[oxfordschoolofenglish.in/assets/online-english-classes/saurav-video-review.webp]
[oxfordschoolofenglish.in/assets/online-english-classes/shweta-video-review.webp]
[oxfordschoolofenglish.in/assets/online-english-classes/tarang-video-review.webp]
[oxfordschoolofenglish.in/online-english-speaking-course.html]
[oxfordschoolofenglish.in/banners/banner-images/courses/Mobile-Webp/best-pte-coaching-online-mobile.webp]
[oxfordschoolofenglish.in/banners/banner-images/courses/Desktop-Webp/best-pte-coaching-online.webp]
[oxfordschoolofenglish.in/assets/pte-courses/pte-online/24-who-should-join.webp]
[oxfordschoolofenglish.in/assets/pte-courses/pte-online/9-best-pte-classes.webp]
[oxfordschoolofenglish.in/assets/pte-courses/pte-online/24(2)-complete-guide.webp]
[oxfordschoolofenglish.in/assets/pte-courses/pte-online/8-why-us.webp]
[oxfordschoolofenglish.in/assets/pte-courses/pte-online/12-outcome.webp]
[oxfordschoolofenglish.in/pte-coaching-online.html]
[oxfordschoolofenglish.in/banners/banner-images/courses/Desktop-Webp/personalised-spoken-english-classes.webp]
[oxfordschoolofenglish.in/banners/banner-images/placement/call-img.png]
[oxfordschoolofenglish.in/assets/other-courses/personalised-classes/8-why-us.webp]
[oxfordschoolofenglish.in/assets/other-courses/personalised-classes/25-personalised-coaching.webp]
[oxfordschoolofenglish.in/assets/other-courses/personalised-classes/12-outcome.webp]
[oxfordschoolofenglish.in/personalised-english-classes.html]
[oxfordschoolofenglish.in/banners/banner-images/courses/Mobile-Webp/english-speaking-course-for-beginners-mobile.webp]
[oxfordschoolofenglish.in/banners/banner-images/banners-icons/check-icon.webp]
[oxfordschoolofenglish.in/banners/banner-images/courses/Desktop-Webp/english-speaking-course-for-beginners.webp]
[oxfordschoolofenglish.in/assets/english-courses/level-1/24-english-classes-for-beginner.webp]
[oxfordschoolofenglish.in/assets/english-courses/level-1/10a-class-highlight.webp]
[oxfordschoolofenglish.in/assets/english-courses/level-1/10b-join-english-course.webp]
[oxfordschoolofenglish.in/assets/english-courses/level-1/12-outcome.webp]
[oxfordschoolofenglish.in/english-speaking-course-for-beginners.html]
[oxfordschoolofenglish.in/og/ielts-coaching.jpg]
[oxfordschoolofenglish.in/banners/banner-images/courses/Mobile-Webp/best-ielts-coaching-in-delhi-ncr.webp]
[oxfordschoolofenglish.in/banners/banner-images/courses/Desktop-Webp/best-ielts-coaching-in-delhi-ncr.webp]
[oxfordschoolofenglish.in/assets/ielts-courses/ielts-course/25-ielts-classes.webp]
[oxfordschoolofenglish.in/assets/ielts-courses/ielts-course/5a-academic.webp]
[oxfordschoolofenglish.in/assets/ielts-courses/ielts-course/5b-general-training.webp]
[oxfordschoolofenglish.in/assets/ielts-courses/ielts-course/24-exam-pattern.webp]
[oxfordschoolofenglish.in/assets/ielts-courses/ielts-course/8-why-us.webp]
[oxfordschoolofenglish.in/assets/ielts-courses/ielts-course/27-ielts-faq.webp]
[oxfordschoolofenglish.in/assets/ielts-courses/ielts-course/12-outcome.webp]
[oxfordschoolofenglish.in/assets/ielts-courses/ielts-course/10a-methodology.webp]
[oxfordschoolofenglish.in/ielts-coaching-near-me.html]
[oxfordschoolofenglish.in/banners/banner-images/courses/Mobile-Webp/best-online-ielts-coaching-mobile.webp]
[oxfordschoolofenglish.in/banners/banner-images/courses/Desktop-Webp/best-online-ielts-coaching.webp]
[oxfordschoolofenglish.in/assets/ielts-courses/ielts-online/25-ielts-classes.webp]
[oxfordschoolofenglish.in/assets/ielts-courses/ielts-online/5a-academic.webp]
[oxfordschoolofenglish.in/assets/ielts-courses/ielts-online/5b-general-training.webp]
[oxfordschoolofenglish.in/assets/ielts-courses/ielts-online/24-exam-pattern.webp]
[oxfordschoolofenglish.in/assets/ielts-courses/ielts-online/8-why-us.webp]
[oxfordschoolofenglish.in/assets/ielts-courses/ielts-online/27-ielts-faq.webp]
[oxfordschoolofenglish.in/assets/ielts-courses/ielts-online/12-outcome.webp]
[oxfordschoolofenglish.in/assets/ielts-courses/ielts-online/10a-methodology.webp]
[oxfordschoolofenglish.in/online-ielts-coaching.html]
[oxfordschoolofenglish.in/banners/banner-images/courses/Mobile-Webp/best-ielts-and-english-coaching-in-delhi-mobile.webp]
[oxfordschoolofenglish.in/banners/banner-images/courses/Desktop-Webp/IELTS + Eng.webp]
[oxfordschoolofenglish.in/assets/ielts-courses/ielts-and-english/24-who-should-join.webp]
[oxfordschoolofenglish.in/assets/ielts-courses/ielts-and-english/25-ielts-classes.webp]
[oxfordschoolofenglish.in/assets/ielts-courses/ielts-and-english/5a-academic.webp]
[oxfordschoolofenglish.in/assets/ielts-courses/ielts-and-english/5b-general-training.webp]
[oxfordschoolofenglish.in/assets/ielts-courses/ielts-and-english/24(2)-exam-pattern.webp]
[oxfordschoolofenglish.in/assets/ielts-courses/ielts-and-english/8-why-us.webp]
[oxfordschoolofenglish.in/assets/ielts-courses/ielts-and-english/27-ielts-faq.webp]
[oxfordschoolofenglish.in/assets/ielts-courses/ielts-and-english/12-outcome.webp]
[oxfordschoolofenglish.in/assets/ielts-courses/ielts-and-english/10a-methodology.webp]
[oxfordschoolofenglish.in/english-and-ielts-coaching-classes.html]
[oxfordschoolofenglish.in/banners/banner-images/courses/Mobile-Webp/personality-development-course-mobile.webp]
[oxfordschoolofenglish.in/banners/banner-images/courses/Desktop-Webp/personality-development-course.webp]
[oxfordschoolofenglish.in/assets/other-courses/personality-development/25-personality-development.webp]
[oxfordschoolofenglish.in/assets/other-courses/personality-development/8-why-us.webp]
[oxfordschoolofenglish.in/assets/other-courses/personality-development/25(2)-outcome.webp]
[oxfordschoolofenglish.in/personality-development-course.html]
[oxfordschoolofenglish.in/banners/banner-images/courses/Mobile-Webp/english-speaking-course-for-intermediate-mobile.webp]
[oxfordschoolofenglish.in/banners/banner-images/courses/Desktop-Webp/english-speaking-course-for-intermediate.webp]
[oxfordschoolofenglish.in/assets/english-courses/level-2/9-intermediate-english-classes.webp]
[oxfordschoolofenglish.in/assets/english-courses/level-2/10a-class-highlight.webp]
[oxfordschoolofenglish.in/assets/english-courses/level-2/10b-join-english-course.webp]
[oxfordschoolofenglish.in/assets/english-courses/level-2/12-outcome.webp]
[oxfordschoolofenglish.in/intermediate-level-english-speaking-course.html]
[oxfordschoolofenglish.in/banners/banner-images/courses/Mobile-Webp/basic-spoken-english-course.webp]
[oxfordschoolofenglish.in/banners/banner-images/courses/Desktop-Webp/basic-spoken-english-course.webp]
[oxfordschoolofenglish.in/assets/english-courses/basic-spoken-english-classes/25-english-classes.webp]
[oxfordschoolofenglish.in/assets/english-courses/basic-spoken-english-classes/8-why-us.webp]
[oxfordschoolofenglish.in/assets/english-courses/basic-spoken-english-classes/12-outcome.webp]
[oxfordschoolofenglish.in/assets/english-courses/basic-spoken-english-classes/27-english-faq.webp]
[oxfordschoolofenglish.in/faq.1bb.delayed]
[oxfordschoolofenglish.in/basic-spoken-english-course.html]
[oxfordschoolofenglish.in/banners/banner-images/courses/Mobile-Webp/best-pte-coaching-in-delhi.webp]
[oxfordschoolofenglish.in/banners/banner-images/courses/Desktop-Webp/best-pte-coaching-in-delhi.webp]
[oxfordschoolofenglish.in/assets/pte-courses/pte-course/9-best-pte-classes.webp]
[oxfordschoolofenglish.in/assets/pte-courses/pte-course/24-who-should-join.webp]
[oxfordschoolofenglish.in/assets/pte-courses/pte-course/8-why-us.webp]
[oxfordschoolofenglish.in/assets/pte-courses/pte-course/12-outcome.webp]
[oxfordschoolofenglish.in/pte-coaching-near-me.html]
[oxfordschoolofenglish.in/banners/banner-images/courses/Mobile-Webp/best-pte-and-english-coaching-in-delhi-mobile.webp]
[oxfordschoolofenglish.in/banners/banner-images/courses/Desktop-Webp/best-pte-and-english-coaching-in-delhi-mobile.webp]
[oxfordschoolofenglish.in/assets/pte-courses/pte-and-english/24-who-should-join.webp]
[oxfordschoolofenglish.in/assets/pte-courses/pte-and-english/25-best-pte-and-english-classes.webp]
[oxfordschoolofenglish.in/assets/pte-courses/pte-and-english/24(2)-complete-guide.webp]
[oxfordschoolofenglish.in/assets/pte-courses/pte-and-english/8-why-us.webp]
[oxfordschoolofenglish.in/assets/pte-courses/pte-and-english/12-outcome.webp]
[oxfordschoolofenglish.in/english-and-pte-coaching-classes.html]
[oxfordschoolofenglish.in/banners/banner-images/courses/Mobile-Webp/english-classes-for-competitive-exams-mobile.webp]
[oxfordschoolofenglish.in/banners/banner-images/courses/Desktop-Webp/Eng Classes for Competitive Exams.webp]
[oxfordschoolofenglish.in/assets/other-courses/competitive-exams/8-why-us.webp]
[oxfordschoolofenglish.in/assets/other-courses/competitive-exams/25-competitive-exams.webp]
[oxfordschoolofenglish.in/assets/other-courses/competitive-exams/25(2)-outcome.webp]
[oxfordschoolofenglish.in/competitive-exam-english-classes.html]
[oxfordschoolofenglish.in/banners/banner-images/placement/mobile/hire-skilled-professional-freshers-mobile.webp]
[oxfordschoolofenglish.in/banners/banner-images/banners-icons/email-icon.webp]
[oxfordschoolofenglish.in/banners/banner-images/placement/desktop/hire-skilled-professional-freshers.webp]
[oxfordschoolofenglish.in/assets/20-company-logo/accenture.webp]
[oxfordschoolofenglish.in/assets/20-company-logo/adecco.webp]
[oxfordschoolofenglish.in/assets/20-company-logo/airtel.webp]
[oxfordschoolofenglish.in/assets/20-company-logo/dd-news.webp]
[oxfordschoolofenglish.in/assets/20-company-logo/dish-tv.webp]
[oxfordschoolofenglish.in/assets/20-company-logo/ht-media.webp]
[oxfordschoolofenglish.in/assets/20-company-logo/icici-bank.webp]
[oxfordschoolofenglish.in/assets/20-company-logo/kotak-bank.webp]
[oxfordschoolofenglish.in/assets/20-company-logo/lohia.webp]
[oxfordschoolofenglish.in/assets/20-company-logo/tech-mahindra.webp]
[oxfordschoolofenglish.in/assets/20-company-logo/times-of-india.webp]
[oxfordschoolofenglish.in/assets/20-company-logo/webtel.webp]
[oxfordschoolofenglish.in/hire-fresher.html]
[oxfordschoolofenglish.in/banners/banner-images/placement/mobile/get-hired-register-for-job-placement-mobile.webp]
[oxfordschoolofenglish.in/banners/banner-images/placement/desktop/get-hired-register-for-job-placement.webp]
[cdn.jsdelivr.net/npm/flatpickr/dist/flatpickr.min.css]
[oxfordschoolofenglish.in/job-for-freshers-in-delhi.html]
[oxfordschoolofenglish.in/banners/banner-images/contact/mobile/oxford-school-of-english-pitampura-mobile.webp]
[oxfordschoolofenglish.in/banners/banner-images/contact/desktop/oxford-school-of-english-pitampura.webp]
[oxfordschoolofenglish.in/contact-us-pitampura.html]
[oxfordschoolofenglish.in/banners/banner-images/contact/mobile/oxford-school-of-english-laxmi-nagar-mobile.webp]
[oxfordschoolofenglish.in/banners/banner-images/contact/desktop/oxford-school-of-english-laxmi-nagar.webp]
[oxfordschoolofenglish.in/contact-us-laxmi-nagar.html]
[oxfordschoolofenglish.in/banners/banner-images/contact/mobile/oxford-school-of-english-rajouri-garden-mobile.webp]
[oxfordschoolofenglish.in/banners/banner-images/contact/desktop/oxford-school-of-english-rajouri-garden.webp]
[oxfordschoolofenglish.in/contact-us-rajouri-garden.html]
[oxfordschoolofenglish.in/banners/banner-images/contact/mobile/oxford-school-of-english-south-extension-mobile.webp]
[oxfordschoolofenglish.in/banners/banner-images/contact/desktop/oxford-school-of-english-south-extension.webp]
[oxfordschoolofenglish.in/contact-us-south-extension.html]
[oxfordschoolofenglish.in/banners/banner-images/faq/FAQs - Eng.webp]
[oxfordschoolofenglish.in/assets/more-images/27-faq-english-institute.webp]
[oxfordschoolofenglish.in/english-course-faqs.html]
[oxfordschoolofenglish.in/blog/assets/blog-mobile.webp]
[oxfordschoolofenglish.in/blog/assets/blog.webp]
[oxfordschoolofenglish.in/blog/assets/other-blogs/calendar-clock.webp]
[oxfordschoolofenglish.in/blog/assets/other-blogs/minus.webp]
[oxfordschoolofenglish.in/blog/assets/other-blogs/blog2.webp]
[oxfordschoolofenglish.in/blog/assets/other-blogs/blogred1.webp]
[oxfordschoolofenglish.in/7c-of-communication.html]
[oxfordschoolofenglish.in/english-some-interesting-facts.html]
[oxfordschoolofenglish.in/10-ways-to-describe-liars.html]
[oxfordschoolofenglish.in/css/bootstrap.css]
[oxfordschoolofenglish.in/assets/adib-assets/direction-3.png]
[oxfordschoolofenglish.in/assets/adib-assets/direction-4.png]
[oxfordschoolofenglish.in/css/adib-css/adib-common.css]
[oxfordschoolofenglish.in/banners/banner-images/faq/FAQs - IELTS.webp]
[oxfordschoolofenglish.in/ielts-exam-faqs.html]
[oxfordschoolofenglish.in/banners/banner-images/faq/FAQs - PTE.webp]
[oxfordschoolofenglish.in/pte-exam-faqs.html]
[oxfordschoolofenglish.in/banners/banner-images/courses/Desktop-Webp/english-speaking-course-near-me.webp]
[oxfordschoolofenglish.in/assets/areawise-english/rajouri-english/9-best-english-classes.webp]
[oxfordschoolofenglish.in/assets/areawise-english/english-course-near-me/8-why-us.webp]
[oxfordschoolofenglish.in/assets/areawise-english/english-course-near-me/10a-class-highlights.webp]
[oxfordschoolofenglish.in/assets/areawise-english/english-course-near-me/10b-join-english-course.webp]
[oxfordschoolofenglish.in/assets/areawise-english/english-course-near-me/12-outcome.webp]
[oxfordschoolofenglish.in/spoken-english-classes-near-me.html]
[oxfordschoolofenglish.in/banners/banner-images/courses/Mobile-Webp/english-speaking-course-in-pitampura.webp]
[oxfordschoolofenglish.in/banners/banner-images/courses/Desktop-Webp/english-speaking-course-in-pitampura.webp]
[oxfordschoolofenglish.in/assets/icons/call-icon.png]
[oxfordschoolofenglish.in/assets/areawise-english/pitampura-english/9-best-english-classes.webp]
[oxfordschoolofenglish.in/assets/areawise-english/pitampura-english/8-why-us.webp]
[oxfordschoolofenglish.in/assets/areawise-english/pitampura-english/10a-class-highlights.webp]
[oxfordschoolofenglish.in/assets/areawise-english/pitampura-english/10b-who-can-join.webp]
[oxfordschoolofenglish.in/assets/areawise-english/pitampura-english/24-join-us-today.webp]
[oxfordschoolofenglish.in/assets/areawise-english/pitampura-english/12-outcome.webp]
[oxfordschoolofenglish.in/english-speaking-course-pitampura.html]
[oxfordschoolofenglish.in/banners/banner-images/courses/Mobile-Webp/english-rohini-mobile.webp]
[oxfordschoolofenglish.in/banners/banner-images/courses/Desktop-Webp/english-rohini.webp]
[oxfordschoolofenglish.in/assets/areawise-english/rohini-english/9-best-english-classes.webp]
[oxfordschoolofenglish.in/assets/areawise-english/rohini-english/8-why-us.webp]
[oxfordschoolofenglish.in/assets/areawise-english/rohini-english/10a-class-highlights.webp]
[oxfordschoolofenglish.in/assets/areawise-english/rohini-english/10b-join-english-course.webp]
[oxfordschoolofenglish.in/assets/areawise-english/rohini-english/24-join-us-today.webp]
[oxfordschoolofenglish.in/assets/areawise-english/rohini-english/12-outcome.webp]
[oxfordschoolofenglish.in/english-speaking-course-rohini.html]
[oxfordschoolofenglish.in/banners/banner-images/courses/Mobile-Webp/english-speaking-course-in-rajouri-garden.webp]
[oxfordschoolofenglish.in/banners/banner-images/courses/Desktop-Webp/english-speaking-course-in-rajouri-garden.webp]
[oxfordschoolofenglish.in/assets/areawise-english/rajouri-english/8-why-us.png]
[oxfordschoolofenglish.in/assets/areawise-english/rajouri-english/10a-class-highlights.webp]
[oxfordschoolofenglish.in/assets/areawise-english/rajouri-english/10b-join-english-course.webp]
[oxfordschoolofenglish.in/assets/areawise-english/rajouri-english/24-join-us-today.webp]
[oxfordschoolofenglish.in/assets/areawise-english/rajouri-english/12-outcome.webp]
[oxfordschoolofenglish.in/english-speaking-course-rajouri-garden.html]
[oxfordschoolofenglish.in/banners/banner-images/courses/Mobile-Webp/english-speaking-course-in-laxmi-nagar.webp]
[oxfordschoolofenglish.in/banners/banner-images/courses/Desktop-Webp/english-speaking-course-in-laxmi-nagar.webp]
[oxfordschoolofenglish.in/assets/areawise-english/laxmi-nagar-english/9-best-english-classes.webp]
[oxfordschoolofenglish.in/assets/areawise-english/laxmi-nagar-english/8-why-us.webp]
[oxfordschoolofenglish.in/assets/areawise-english/laxmi-nagar-english/10a-class-highlights.webp]
[oxfordschoolofenglish.in/assets/areawise-english/laxmi-nagar-english/10b-join-english-course.webp]
[oxfordschoolofenglish.in/assets/areawise-english/laxmi-nagar-english/24-join-us-today.webp]
[oxfordschoolofenglish.in/assets/areawise-english/laxmi-nagar-english/12-outcome.webp]
[oxfordschoolofenglish.in/english-speaking-course-laxmi-nagar.html]
[oxfordschoolofenglish.in/banners/banner-images/courses/Mobile-Webp/english-speaking-course-in-south-extension.webp]
[oxfordschoolofenglish.in/banners/banner-images/courses/Desktop-Webp/english-speaking-course-in-south-extension.webp]
[oxfordschoolofenglish.in/assets/areawise-english/south-ext-english/9-best-english-classes.webp]
[oxfordschoolofenglish.in/assets/areawise-english/south-ext-english/8-why-us.webp]
[oxfordschoolofenglish.in/assets/areawise-english/south-ext-english/10a-class-highlights.webp]
[oxfordschoolofenglish.in/assets/areawise-english/south-ext-english/10b-join-english-course.webp]
[oxfordschoolofenglish.in/assets/areawise-english/south-ext-english/24-join-us-today.webp]
[oxfordschoolofenglish.in/assets/areawise-english/south-ext-english/12-outcome.webp]
[oxfordschoolofenglish.in/english-speaking-course-south-extension.html]
[oxfordschoolofenglish.in/banners/banner-images/courses/Mobile-Webp/english-speaking-classes-delhi.webp]
[oxfordschoolofenglish.in/banners/banner-images/courses/Desktop-Webp/english-speaking-classes-delhi.webp]
[oxfordschoolofenglish.in/assets/areawise-english/delhi-english/9-best-english-classes.webp]
[oxfordschoolofenglish.in/assets/areawise-english/delhi-english/8-why-us.webp]
[oxfordschoolofenglish.in/assets/areawise-english/delhi-english/10a-class-highlights.webp]
[oxfordschoolofenglish.in/assets/areawise-english/delhi-english/10b-join-english-course.webp]
[oxfordschoolofenglish.in/assets/areawise-english/delhi-english/12-outcome.webp]
[oxfordschoolofenglish.in/english-speaking-classes-delhi.html]
[oxfordschoolofenglish.in/banners/banner-images/courses/Mobile-Webp/ielts-coaching-in-pitampura-mobile.webp]
[oxfordschoolofenglish.in/banners/banner-images/courses/Desktop-Webp/Pitampura IELTS Coaching.webp]
[oxfordschoolofenglish.in/assets/areawise-ielts/ielts-coaching-in-pitampura/25-ielts-classes.webp]
[oxfordschoolofenglish.in/assets/areawise-ielts/ielts-coaching-in-pitampura/5a-academic.webp]
[oxfordschoolofenglish.in/assets/areawise-ielts/ielts-coaching-in-pitampura/5b-general-training.webp]
[oxfordschoolofenglish.in/assets/areawise-ielts/ielts-coaching-in-pitampura/24-exam-pattern.webp]
[oxfordschoolofenglish.in/assets/areawise-ielts/ielts-coaching-in-pitampura/8-why-us.webp]
[oxfordschoolofenglish.in/assets/areawise-ielts/ielts-coaching-in-pitampura/27-ielts-faq.webp]
[oxfordschoolofenglish.in/assets/areawise-ielts/ielts-coaching-in-pitampura/12-outcome.webp]
[oxfordschoolofenglish.in/assets/areawise-ielts/ielts-coaching-in-pitampura/10a-methodology.webp]
[oxfordschoolofenglish.in/ielts-coaching-in-pitampura.html]
[oxfordschoolofenglish.in/banners/banner-images/courses/Mobile-Webp/ielts-rohini-m.webp]
[oxfordschoolofenglish.in/banners/banner-images/courses/Desktop-Webp/ielts-rohini.webp]
[oxfordschoolofenglish.in/assets/areawise-ielts/ielts-coaching-in-rohini/25-ielts-classes.webp]
[oxfordschoolofenglish.in/assets/areawise-ielts/ielts-coaching-in-rohini/5a-academic.webp]
[oxfordschoolofenglish.in/assets/areawise-ielts/ielts-coaching-in-rohini/5b-general-training.webp]
[oxfordschoolofenglish.in/assets/areawise-ielts/ielts-coaching-in-rohini/24-exam-pattern.webp]
[oxfordschoolofenglish.in/assets/areawise-ielts/ielts-coaching-in-rohini/8-why-us.webp]
[oxfordschoolofenglish.in/assets/areawise-ielts/ielts-coaching-in-rohini/27-ielts-faq.webp]
[oxfordschoolofenglish.in/assets/areawise-ielts/ielts-coaching-in-rohini/12-outcome.webp]
[oxfordschoolofenglish.in/assets/areawise-ielts/ielts-coaching-in-rohini/10a-methodology.webp]
[oxfordschoolofenglish.in/ielts-coaching-in-rohini.html]
[oxfordschoolofenglish.in/banners/banner-images/courses/Mobile-Webp/ielts-coaching-in-rajouri-garden-mobile.webp]
[oxfordschoolofenglish.in/banners/banner-images/courses/Desktop-Webp/Rajouri Garden IELTS Coaching.webp]
[oxfordschoolofenglish.in/assets/areawise-ielts/ielts-coaching-in-rajouri/25-ielts-classes.webp]
[oxfordschoolofenglish.in/assets/areawise-ielts/ielts-coaching-in-rajouri/5a-academic.webp]
[oxfordschoolofenglish.in/assets/areawise-ielts/ielts-coaching-in-rajouri/5b-general-training.webp]
[oxfordschoolofenglish.in/assets/areawise-ielts/ielts-coaching-in-rajouri/24-exam-pattern.webp]
[oxfordschoolofenglish.in/assets/areawise-ielts/ielts-coaching-in-rajouri/8-why-us.webp]
[oxfordschoolofenglish.in/assets/areawise-ielts/ielts-coaching-in-rajouri/27-ielts-faq.webp]
[oxfordschoolofenglish.in/assets/areawise-ielts/ielts-coaching-in-rajouri/12-outcome.webp]
[oxfordschoolofenglish.in/assets/areawise-ielts/ielts-coaching-in-rajouri/10a-methodology.webp]
[oxfordschoolofenglish.in/ielts-coaching-in-rajouri-garden.html]
[oxfordschoolofenglish.in/banners/banner-images/courses/Mobile-Webp/ielts-coaching-in-laxmi-nagar-mobile.webp]
[oxfordschoolofenglish.in/banners/banner-images/courses/Desktop-Webp/Laxmi Nagar IELTS Coaching.webp]
[oxfordschoolofenglish.in/assets/areawise-ielts/ielts-coaching-in-laxmi-nagar/25-ielts-classes.webp]
[oxfordschoolofenglish.in/assets/areawise-ielts/ielts-coaching-in-laxmi-nagar/5a-academic.webp]
[oxfordschoolofenglish.in/assets/areawise-ielts/ielts-coaching-in-laxmi-nagar/5b-general-training.webp]
[oxfordschoolofenglish.in/assets/areawise-ielts/ielts-coaching-in-laxmi-nagar/24-exam-pattern.webp]
[oxfordschoolofenglish.in/assets/areawise-ielts/ielts-coaching-in-laxmi-nagar/8-why-us.webp]
[oxfordschoolofenglish.in/assets/areawise-ielts/ielts-coaching-in-laxmi-nagar/27-ielts-faq.webp]
[oxfordschoolofenglish.in/assets/areawise-ielts/ielts-coaching-in-laxmi-nagar/12-outcome.webp]
[oxfordschoolofenglish.in/assets/areawise-ielts/ielts-coaching-in-laxmi-nagar/10a-methodology.webp]
[oxfordschoolofenglish.in/ielts-coaching-in-laxmi-nagar.html]
[oxfordschoolofenglish.in/banners/banner-images/courses/Mobile-Webp/ielts-coaching-in-south-extension-mobile.webp]
[oxfordschoolofenglish.in/banners/banner-images/courses/Desktop-Webp/South Ex IELTS Coaching.webp]
[oxfordschoolofenglish.in/assets/areawise-ielts/ielts-coaching-in-south-ext/25-ielts-classes.webp]
[oxfordschoolofenglish.in/assets/areawise-ielts/ielts-coaching-in-south-ext/5a-academic.webp]
[oxfordschoolofenglish.in/assets/areawise-ielts/ielts-coaching-in-south-ext/5b-general-training.webp]
[oxfordschoolofenglish.in/assets/areawise-ielts/ielts-coaching-in-south-ext/24-exam-pattern.webp]
[oxfordschoolofenglish.in/assets/areawise-ielts/ielts-coaching-in-south-ext/8-why-us.webp]
[oxfordschoolofenglish.in/assets/areawise-ielts/ielts-coaching-in-south-ext/27-ielts-faq.webp]
[oxfordschoolofenglish.in/assets/areawise-ielts/ielts-coaching-in-south-ext/12-outcome.webp]
[oxfordschoolofenglish.in/assets/areawise-ielts/ielts-coaching-in-south-ext/10a-methodology.webp]
[oxfordschoolofenglish.in/ielts-coaching-in-south-extension.html]
[cdnjs.cloudflare.com/ajax/libs/slick-carousel/1.9.0/fonts/slick.svg]
[oxfordschoolofenglish.in/signals/config/index.html]
[oxfordschoolofenglish.in/a.html]
[oxfordschoolofenglish.in/signals/plugins/index.html]
[oxfordschoolofenglish.in/POST.html]
[oxfordschoolofenglish.in/schema.org/index.html]
[oxfordschoolofenglish.in/b.html]
[oxfordschoolofenglish.in/d.html]
[oxfordschoolofenglish.in/signals/iwl.html]
[oxfordschoolofenglish.in/signals/iwl0fc5.html]
[oxfordschoolofenglish.in/c.html]
[oxfordschoolofenglish.in/c-2.html]
[oxfordschoolofenglish.in/banners/banner-images/background/oxford-school-of-english-background3.webp]
[oxfordschoolofenglish.in/banners/banner-images/background/oxford-school-of-english-background-mobile3.webp]
[oxfordschoolofenglish.in/banners/css/home-banner02.css]
[oxfordschoolofenglish.in/banners/banner-images/background/oxford-school-of-english-background.webp]
[oxfordschoolofenglish.in/banners/banner-images/background/oxford-school-of-english-background-mobile.webp]
[oxfordschoolofenglish.in/banners/css/home-banner05.css]
[cdn.jsdelivr.net/npm/bootstrap@5.3.3/dist/css/bootstrap.min.css]
[oxfordschoolofenglish.in/blog/blog-css/blog.css]
[oxfordschoolofenglish.in/blog/assets/other-blogs/blog1.webp]
[oxfordschoolofenglish.in/blog/assets/other-blogs/blog3.webp]
[oxfordschoolofenglish.in/blog/assets/other-blogs/blog4.webp]
[oxfordschoolofenglish.in/blog/assets/other-blogs/blogred2.webp]
[oxfordschoolofenglish.in/blog/assets/other-blogs/blogred3.webp]
[oxfordschoolofenglish.in/blog/assets/other-blogs/blogred4.webp]
[oxfordschoolofenglish.in/blog-new-gems-of-english.html]
[oxfordschoolofenglish.in/blog-future-perfect-continuous-tense.html]
[oxfordschoolofenglish.in/blog-mastering-english-tenses.html]
[oxfordschoolofenglish.in/blog/assets/has-have-m.webp]
[oxfordschoolofenglish.in/blog/assets/has-have.webp]
[oxfordschoolofenglish.in/blog-use-of-has-have.html]
[oxfordschoolofenglish.in/blog-make-sentences-one-phrase.html]
[oxfordschoolofenglish.in/use-of-is-are-am-was-were.html]
[oxfordschoolofenglish.in/banners/banner-images/blogs/mobile/sourced-from-sanskrit-m.webp]
[oxfordschoolofenglish.in/banners/banner-images/blogs/desktop/sourced-from-sanskrit.webp]
[oxfordschoolofenglish.in/english-words-sourced-from-sanskrit.html]
[oxfordschoolofenglish.in/banners/banner-images/blogs/mobile/mnemonics-m.webp]
[oxfordschoolofenglish.in/banners/banner-images/blogs/desktop/mnemonics.webp]
[oxfordschoolofenglish.in/mnemonics-for-memorizing-english.html]
[oxfordschoolofenglish.in/banners/banner-images/blogs/mobile/idioms-m.webp]
[oxfordschoolofenglish.in/banners/banner-images/blogs/desktop/idioms.webp]
[oxfordschoolofenglish.in/funny-idioms-you-can-not-miss.html]
[oxfordschoolofenglish.in/banners/banner-images/blogs/mobile/proverb-m.webp]
[oxfordschoolofenglish.in/banners/banner-images/blogs/desktop/proverb.webp]
[oxfordschoolofenglish.in/english-proverbs-for-better-conversation.html]
[oxfordschoolofenglish.in/banners/banner-images/blogs/mobile/origin-m.webp]
[oxfordschoolofenglish.in/banners/banner-images/blogs/desktop/origin.webp]
[oxfordschoolofenglish.in/origin-of-english-root-words.html]
[oxfordschoolofenglish.in/banners/banner-images/blogs/mobile/root-words-m.webp]
[oxfordschoolofenglish.in/banners/banner-images/blogs/desktop/root-words.webp]
[oxfordschoolofenglish.in/root-words-in-english.html]
[cdn.jsdelivr.net/npm/bootstrap@5.0.2/dist/css/bootstrap.min.css]
[oxfordschoolofenglish.in/banners/css/home-banner04.css]
[cdnjs.cloudflare.com/ajax/libs/font-awesome/4.7.0/css/font-awesome.min.css]
[oxfordschoolofenglish.in/form-code/css/franchise-enquiry-form.css]
[oxfordschoolofenglish.in/banners/css/banner16.css]
[oxfordschoolofenglish.in/banners/css/banner1.css]
[oxfordschoolofenglish.in/banners/css/banner4.css]
[oxfordschoolofenglish.in/banners/banner-images/background/oxford-online-english-speaking-course-background.webp]
[oxfordschoolofenglish.in/banners/css/banner3.css]
[oxfordschoolofenglish.in/banners/css/banner8.css]
[oxfordschoolofenglish.in/banners/css/banner14.css]
[oxfordschoolofenglish.in/banners/css/banner13.css]
[oxfordschoolofenglish.in/banners/css/aos.css]
[oxfordschoolofenglish.in/banners/css/banner5.css]
[oxfordschoolofenglish.in/banners/css/banner11.css]
[oxfordschoolofenglish.in/banners/css/banner10.css]
[oxfordschoolofenglish.in/banners/css/banner7.css]
[oxfordschoolofenglish.in/banners/css/banner17.css]
[oxfordschoolofenglish.in/faq.html]
[oxfordschoolofenglish.in/banners/css/banner6.css]
[oxfordschoolofenglish.in/banners/css/banner9.css]
[oxfordschoolofenglish.in/banners/css/banner15.css]
[oxfordschoolofenglish.in/banners/css/placement-banner01.css]
[oxfordschoolofenglish.in/form-code/css/employee-form.css]
[oxfordschoolofenglish.in/banners/css/placement-banner02.css]
[oxfordschoolofenglish.in/form-code/css/student-form.css]
[cdn.jsdelivr.net/npm/flatpickr/dist/flatpickr.min.css]
[oxfordschoolofenglish.in/banners/css/contact-banner02.css]
[oxfordschoolofenglish.in/banners/css/contact-banner03.css]
[oxfordschoolofenglish.in/banners/css/contact-banner04.css]
[oxfordschoolofenglish.in/banners/css/contact-banner05.css]
[oxfordschoolofenglish.in/css/adib-css/adib13.css]
[oxfordschoolofenglish.in/banners/css/banner12.css]
[oxfordschoolofenglish.in/banners/css/banner18.css]
[oxfordschoolofenglish.in/banners/css/banner2.css]
[oxfordschoolofenglish.in/banners/css/banner20.css]
[oxfordschoolofenglish.in/banners/css/banner19.css]
[oxfordschoolofenglish.in/banners/css/banner21.css]
[oxfordschoolofenglish.in/banners/css/banner22.css]
[oxfordschoolofenglish.in/banners/css/banner24.css]
[oxfordschoolofenglish.in/banners/css/banner23.css]
[oxfordschoolofenglish.in/banners/css/banner25.css]
[oxfordschoolofenglish.in/contact-us.html]
